{"__type":"$$EventMessageAudit","id":"23874e5d-ed02-4efa-a5af-6d743effa756","ts":"2025-09-30T10:18:52.581-03:00","eventName":"n8n.audit.workflow.created","message":"n8n.audit.workflow.created","payload":{"userId":"cf0aab4d-fc22-47d5-b7a3-dc5584402b54","_email":"flaviocallega@outlook.com","_firstName":"Flavio ","_lastName":"Callega","globalRole":"global:owner","workflowId":"Cbul4CI5VSSfFtiH","workflowName":"My workflow"}}
{"__type":"$$EventMessageConfirm","confirm":"23874e5d-ed02-4efa-a5af-6d743effa756","ts":"2025-09-30T10:18:52.595-03:00","source":{"id":"0","name":"eventBus"}}
{"__type":"$$EventMessageWorkflow","id":"7687a903-af16-468c-80ef-c3aef8602dce","ts":"2025-09-30T10:18:53.829-03:00","eventName":"n8n.workflow.started","message":"n8n.workflow.started","payload":{"executionId":"1","workflowId":"Cbul4CI5VSSfFtiH","isManual":false,"workflowName":"My workflow"}}
{"__type":"$$EventMessageConfirm","confirm":"7687a903-af16-468c-80ef-c3aef8602dce","ts":"2025-09-30T10:18:53.829-03:00","source":{"id":"0","name":"eventBus"}}
{"__type":"$$EventMessageNode","id":"dbda28a7-6208-44d5-bb72-1ff9aa447538","ts":"2025-09-30T10:18:53.839-03:00","eventName":"n8n.node.started","message":"n8n.node.started","payload":{"workflowId":"Cbul4CI5VSSfFtiH","workflowName":"My workflow","executionId":"1","nodeType":"n8n-nodes-base.manualTrigger","nodeName":"When clicking ‘Execute workflow’","nodeId":"e7fa746a-d0bb-405d-9078-3505245b643e"}}
{"__type":"$$EventMessageConfirm","confirm":"dbda28a7-6208-44d5-bb72-1ff9aa447538","ts":"2025-09-30T10:18:53.839-03:00","source":{"id":"0","name":"eventBus"}}
{"__type":"$$EventMessageNode","id":"be58c61c-59bc-4fbc-9f21-327a70ad424e","ts":"2025-09-30T10:18:54.104-03:00","eventName":"n8n.node.finished","message":"n8n.node.finished","payload":{"workflowId":"Cbul4CI5VSSfFtiH","workflowName":"My workflow","executionId":"1","nodeType":"n8n-nodes-base.manualTrigger","nodeName":"When clicking ‘Execute workflow’","nodeId":"e7fa746a-d0bb-405d-9078-3505245b643e"}}
{"__type":"$$EventMessageConfirm","confirm":"be58c61c-59bc-4fbc-9f21-327a70ad424e","ts":"2025-09-30T10:18:54.105-03:00","source":{"id":"0","name":"eventBus"}}
{"__type":"$$EventMessageWorkflow","id":"f5510536-3662-4d15-aaa2-2f08b7b08273","ts":"2025-09-30T10:18:54.112-03:00","eventName":"n8n.workflow.success","message":"n8n.workflow.success","payload":{"userId":"cf0aab4d-fc22-47d5-b7a3-dc5584402b54","executionId":"1","success":true,"isManual":true,"workflowId":"Cbul4CI5VSSfFtiH","workflowName":"My workflow"}}
{"__type":"$$EventMessageConfirm","confirm":"f5510536-3662-4d15-aaa2-2f08b7b08273","ts":"2025-09-30T10:18:54.112-03:00","source":{"id":"0","name":"eventBus"}}
{"__type":"$$EventMessageWorkflow","id":"3b8a521e-9a3a-42d2-93e0-94cf28027de0","ts":"2025-09-30T10:21:21.420-03:00","eventName":"n8n.workflow.started","message":"n8n.workflow.started","payload":{"executionId":"2","workflowId":"Cbul4CI5VSSfFtiH","isManual":false,"workflowName":"My workflow"}}
{"__type":"$$EventMessageConfirm","confirm":"3b8a521e-9a3a-42d2-93e0-94cf28027de0","ts":"2025-09-30T10:21:21.420-03:00","source":{"id":"0","name":"eventBus"}}
{"__type":"$$EventMessageNode","id":"2ece715b-d7f1-4a2a-8074-707e67e2eb99","ts":"2025-09-30T10:21:21.421-03:00","eventName":"n8n.node.started","message":"n8n.node.started","payload":{"workflowId":"Cbul4CI5VSSfFtiH","workflowName":"My workflow","executionId":"2","nodeType":"n8n-nodes-base.manualTrigger","nodeName":"When clicking ‘Execute workflow’","nodeId":"e7fa746a-d0bb-405d-9078-3505245b643e"}}
{"__type":"$$EventMessageConfirm","confirm":"2ece715b-d7f1-4a2a-8074-707e67e2eb99","ts":"2025-09-30T10:21:21.421-03:00","source":{"id":"0","name":"eventBus"}}
{"__type":"$$EventMessageNode","id":"a8c21a37-75b6-4237-875e-ec86d625c56e","ts":"2025-09-30T10:21:21.429-03:00","eventName":"n8n.node.finished","message":"n8n.node.finished","payload":{"workflowId":"Cbul4CI5VSSfFtiH","workflowName":"My workflow","executionId":"2","nodeType":"n8n-nodes-base.manualTrigger","nodeName":"When clicking ‘Execute workflow’","nodeId":"e7fa746a-d0bb-405d-9078-3505245b643e"}}
{"__type":"$$EventMessageConfirm","confirm":"a8c21a37-75b6-4237-875e-ec86d625c56e","ts":"2025-09-30T10:21:21.429-03:00","source":{"id":"0","name":"eventBus"}}
{"__type":"$$EventMessageWorkflow","id":"bdfcde55-3d53-486d-acfb-edba129d22b2","ts":"2025-09-30T10:21:21.437-03:00","eventName":"n8n.workflow.success","message":"n8n.workflow.success","payload":{"userId":"cf0aab4d-fc22-47d5-b7a3-dc5584402b54","executionId":"2","success":true,"isManual":true,"workflowId":"Cbul4CI5VSSfFtiH","workflowName":"My workflow"}}
{"__type":"$$EventMessageConfirm","confirm":"bdfcde55-3d53-486d-acfb-edba129d22b2","ts":"2025-09-30T10:21:21.438-03:00","source":{"id":"0","name":"eventBus"}}
{"__type":"$$EventMessageAudit","id":"68c6d44c-1991-454c-82d5-4fabfeed86e1","ts":"2025-09-30T10:21:48.166-03:00","eventName":"n8n.audit.package.installed","message":"n8n.audit.package.installed","payload":{"userId":"cf0aab4d-fc22-47d5-b7a3-dc5584402b54","_email":"flaviocallega@outlook.com","_firstName":"Flavio ","_lastName":"Callega","globalRole":"global:owner","inputString":"n8n-nodes-whatsable","packageName":"n8n-nodes-whatsable","success":true,"packageVersion":"2.2.0","packageNodeNames":["WhatsAble","Incoming message Trigger"],"packageAuthor":"WhatsAble","packageAuthorEmail":"team@whatsable.app"}}
{"__type":"$$EventMessageConfirm","confirm":"68c6d44c-1991-454c-82d5-4fabfeed86e1","ts":"2025-09-30T10:21:48.166-03:00","source":{"id":"0","name":"eventBus"}}
{"__type":"$$EventMessageAudit","id":"c0880315-2d11-4ffe-8d98-140082dd2015","ts":"2025-09-30T10:25:46.661-03:00","eventName":"n8n.audit.user.credentials.created","message":"n8n.audit.user.credentials.created","payload":{"userId":"cf0aab4d-fc22-47d5-b7a3-dc5584402b54","_email":"flaviocallega@outlook.com","_firstName":"Flavio ","_lastName":"Callega","globalRole":"global:owner","credentialType":"whatsAbleApi","credentialId":"200gdtHoepC4Agwg","publicApi":false,"projectId":"4z2xWaIt4XRAUFTi","projectType":"personal"}}
{"__type":"$$EventMessageConfirm","confirm":"c0880315-2d11-4ffe-8d98-140082dd2015","ts":"2025-09-30T10:25:46.661-03:00","source":{"id":"0","name":"eventBus"}}
